// Jest Snapshot v1, https://goo.gl/fbAQLP

exports[`Pruebas en componente <CreateProduct/> Comprobar que <CreateProduct/> renderiza correctamente. 1`] = `
<div
  className="creation"
>
  <section
    className="header"
  >
    <div
      className="headerContainer"
    >
      <div
        className="titleContainer"
      >
        <h5>
          Producto
        </h5>
        <h3>
          Administración
        </h3>
      </div>
      <i
        className="fas fa-arrow-left"
        onClick={[Function]}
      />
    </div>
  </section>
  <div
    className="formContainer"
  >
    <h4
      className="title"
    >
      Crear producto
    </h4>
    <form
      className="form"
      onSubmit={[Function]}
    >
      <section
        className="itemsContainer"
      >
        <div
          className="item"
        >
          <p>
            Nombre de la propiedad
          </p>
          <input
            name="productName"
            onChange={[Function]}
            type="text"
            value=""
          />
        </div>
        <div
          className="item"
        >
          <p>
            Categoría
          </p>
          <select
            className="categories"
            name="productCategory"
            onChange={[Function]}
            value=""
          >
            <option
              disabled={true}
              selected={true}
              value=""
            >
              Seleccionar categoría
            </option>
          </select>
        </div>
        <div
          className="item"
        >
          <p>
            Dirección
          </p>
          <input
            name="productAddress"
            onChange={[Function]}
            type="text"
            value=""
          />
        </div>
        <div
          className="item"
        >
          <p>
            Ciudad
          </p>
          <select
            className="cities"
            name="city"
            onChange={[Function]}
            value=""
          >
            <option
              disabled={true}
              selected={true}
              value=""
            >
              Seleccionar ciudad
            </option>
          </select>
        </div>
        <div
          className="item"
        >
          <p>
            Latitud
          </p>
          <input
            name="lat"
            onChange={[Function]}
            type="text"
            value=""
          />
        </div>
        <div
          className="item"
        >
          <p>
            Longitud
          </p>
          <input
            name="long"
            onChange={[Function]}
            type="text"
            value=""
          />
        </div>
        <div
          className="item"
        >
          <p>
            Precio por noche
          </p>
          <input
            name="pricePerNight"
            onChange={[Function]}
            placeholder="$"
            type="text"
            value={0}
          />
        </div>
      </section>
      <section
        className="itemDescription"
      >
        <p>
          Descripción
        </p>
        <textarea
          maxlength="200"
          name="productDescription"
          onChange={[Function]}
          onKeyUp={[Function]}
          placeholder="Escribe aquí"
          value=""
        />
        <span
          id="productDescription"
        />
      </section>
      <h4
        className="title"
      >
        Seleccionar servicios
      </h4>
      <section
        className="services"
      >
        <div
          className="checkItem"
        >
          <label
            for="wifi"
          >
            <input
              id="wifi"
              name="WiFi"
              onChange={[Function]}
              type="checkbox"
              value="wifi"
            />
            WiFi
          </label>
        </div>
        <div
          className="checkItem"
        >
          <label
            for="pool"
          >
            <input
              id="pool"
              name="Swiming Pool"
              onChange={[Function]}
              type="checkbox"
              value="pool"
            />
            Swiming Pool
          </label>
        </div>
        <div
          className="checkItem"
        >
          <label
            for="cabletv"
          >
            <input
              id="cabletv"
              name="Cable TV"
              onChange={[Function]}
              type="checkbox"
              value="cabletv"
            />
            Cable TV
          </label>
        </div>
        <div
          className="checkItem"
        >
          <label
            for="kitchen"
          >
            <input
              id="kitchen"
              name="Kitchen"
              onChange={[Function]}
              type="checkbox"
              value="kitchen"
            />
            Kitchen
          </label>
        </div>
        <div
          className="checkItem"
        >
          <label
            for="petsallowed"
          >
            <input
              id="petsallowed"
              name="Pets Allowed"
              onChange={[Function]}
              type="checkbox"
              value="petsallowed"
            />
            Pets Allowed
          </label>
        </div>
        <div
          className="checkItem"
        >
          <label
            for="parking"
          >
            <input
              id="parking"
              name="Parking"
              onChange={[Function]}
              type="checkbox"
              value="parking"
            />
            Parking
          </label>
        </div>
        <div
          className="checkItem"
        >
          <label
            for="airconditioning"
          >
            <input
              id="airconditioning"
              name="Air Conditioning"
              onChange={[Function]}
              type="checkbox"
              value="airconditioning"
            />
            Air Conditioning
          </label>
        </div>
        <div
          className="checkItem"
        >
          <label
            for="smokingallowed"
          >
            <input
              id="smokingallowed"
              name="Smoking Allowed"
              onChange={[Function]}
              type="checkbox"
              value="smokingallowed"
            />
            Smoking Allowed
          </label>
        </div>
        <div
          className="checkItem"
        >
          <label
            for="jacuzzi"
          >
            <input
              id="jacuzzi"
              name="Jacuzzi"
              onChange={[Function]}
              type="checkbox"
              value="jacuzzi"
            />
            Jacuzzi
          </label>
        </div>
        <div
          className="checkItem"
        >
          <label
            for="breakfast"
          >
            <input
              id="breakfast"
              name="Breakfast"
              onChange={[Function]}
              type="checkbox"
              value="breakfast"
            />
            Breakfast
          </label>
        </div>
        <div
          className="checkItem"
        >
          <label
            for="refrigerator"
          >
            <input
              id="refrigerator"
              name="Refrigerator"
              onChange={[Function]}
              type="checkbox"
              value="refrigerator"
            />
            Refrigerator
          </label>
        </div>
        <div
          className="checkItem"
        >
          <label
            for="microwave"
          >
            <input
              id="microwave"
              name="Microwave"
              onChange={[Function]}
              type="checkbox"
              value="microwave"
            />
            Microwave
          </label>
        </div>
        <div
          className="checkItem"
        >
          <label
            for="gym"
          >
            <input
              id="gym"
              name="Gym"
              onChange={[Function]}
              type="checkbox"
              value="gym"
            />
            Gym
          </label>
        </div>
        <div
          className="checkItem"
        >
          <label
            for="accesible"
          >
            <input
              id="accesible"
              name="Accesible"
              onChange={[Function]}
              type="checkbox"
              value="accesible"
            />
            Accesible
          </label>
        </div>
      </section>
      <h4
        className="title"
      >
        Políticas del producto
      </h4>
      <section
        className="policiesContainer"
      >
        <div
          className="policiesItem"
        >
          <h4>
            Normas de la casa
          </h4>
          <p>
            Descripción (separar items con coma)
          </p>
          <textarea
            maxlength="500"
            name="houseRules"
            onChange={[Function]}
            onKeyUp={[Function]}
            placeholder="Escribe aquí"
            value=""
          />
          <p
            id="houseRules"
          />
        </div>
        <div
          className="policiesItem"
        >
          <h4>
            Salud y seguridad
          </h4>
          <p>
            Descripción (separar items con coma)
          </p>
          <textarea
            maxlength="500"
            name="healthSafety"
            onChange={[Function]}
            onKeyUp={[Function]}
            placeholder="Escribe aquí"
            value=""
          />
          <p
            id="healthSafety"
          />
        </div>
        <div
          className="policiesItem"
        >
          <h4>
            Política de cancelación
          </h4>
          <p>
            Descripción (separar items con coma)
          </p>
          <textarea
            maxlength="500"
            name="cancellationPolicy"
            onChange={[Function]}
            onKeyUp={[Function]}
            placeholder="Escribe aquí"
          />
          <p
            id="cancellationPolicy"
          />
        </div>
      </section>
      <h4
        className="title"
      >
        Cargar imágenes
      </h4>
      <section
        className="imgContainer"
      >
        <input
          accept=".jpeg, .png, .jpg"
          id={1}
          multiple={true}
          onChange={[Function]}
          type="file"
        />
        <ul>
           
        </ul>
        <button
          onClick={[Function]}
          type="reset"
        >
          Reset
        </button>
      </section>
      <h6 />
      <button
        className="buttonCreate"
        type="submit"
      >
        Crear
      </button>
    </form>
  </div>
</div>
`;
