// Jest Snapshot v1, https://goo.gl/fbAQLP

exports[`Pruebas en componente <NavButtonss /> Comprobar que <NavButtonss /> renderiza correctamente. 1`] = `
<div
  className="registerButtons"
>
  <Button
    link="/register"
    text="Crear cuenta"
  />
  <Button
    link="/login"
    text="Iniciar sesion"
  />
</div>
`;
