// Jest Snapshot v1, https://goo.gl/fbAQLP

exports[`Pruebas en componente <Policies/> Comprobar que <Policies/> renderiza correctamente. 1`] = `
<section
  className="rules"
>
  <h4>
    Qué tenés que saber
  </h4>
  <hr />
  <div
    className="rulesInfo"
  >
    <div
      className="houseRules"
    >
      <h4>
        Normas de la casa
      </h4>
      <ul>
        <li>
          house rules
        </li>
      </ul>
    </div>
    <div
      className="healthSecurity"
    >
      <h4>
        Salud y seguridad
      </h4>
      <ul>
        <li>
          health
        </li>
      </ul>
    </div>
    <div
      className="cancellation"
    >
      <h4>
        Política de cancelación
      </h4>
      <ul>
        <li>
          cancel
        </li>
        <li>
          Los pagos con tarjeta de crédito son reembolsables.
        </li>
      </ul>
    </div>
  </div>
</section>
`;
